---
source: src/tests/cli_tests.rs
expression: help_text
---
Find duplicated Rust code blocks

Usage: cargo-duplicated [OPTIONS] [PATH]

Arguments:
  [PATH]
          Path to scan
          
          [default: .]

Options:
      --config <CONFIG>
          Path to config file (defaults to <path>/dups.toml)

      --format <FORMAT>
          Output format
          
          [default: human]
          [possible values: human, json]

      --include-tests
          Include files under tests/

      --exclude <EXCLUDE>
          Exclude path glob (relative to root). Can be repeated

      --mode <MODE>
          Detection mode: text (exact), token (structural), semantic (AST), or all
          
          [possible values: text, token, semantic, all]

      --max-memory <MAX_MEMORY>
          Maximum memory usage in MB (default: 2048)

      --diff <DIFF>
          Compare against baseline file and report only new duplicates

      --save-baseline <SAVE_BASELINE>
          Save current results as baseline for future diff

      --similarity <SIMILARITY>
          Similarity threshold for semantic mode (0.0-1.0, default: 1.0)

  -h, --help
          Print help

  -V, --version
          Print version
